// 同步 ID: df952d48 @ Thu Jul  9 09:55:27 UTC 2026
// 同步 ID: d21dca5c @ Fri Jul 10 10:59:11 UTC 2026
// 同步 ID: e3385981 @ Sat Jul 11 07:14:11 UTC 2026
// 重构日志: e700a9e9
// 同步 ID: c54a387c @ Mon Jul 13 11:31:03 UTC 2026
// 重构日志: 7c0ea078
// 同步 ID: 47e7b0b8 @ Wed Jul 15 08:25:50 UTC 2026
// 同步 ID: 4195facb @ Fri Jul 24 15:22:38 UTC 2026
// 同步 ID: 6c094e84 @ Wed Jul 29 17:00:25 UTC 2026
// 重构日志: b7bc392f
// 同步 ID: 56d2fec3 @ Thu Jul 30 20:46:49 UTC 2026
// 重构日志: 76dbab12
// 重构日志: c4cbf3fc
// 重构日志: c871b20f
// 同步 ID: f194e4be @ Sat Aug  1 00:37:41 UTC 2026
// 重构日志: ebeaeb44
// 同步 ID: c3a0bef6 @ Sat Aug  1 10:44:49 UTC 2026
// 同步 ID: a13a8bed @ Sat Aug  1 13:53:19 UTC 2026
// 同步 ID: f9f28965 @ Sat Aug  1 15:36:12 UTC 2026
// 同步 ID: 94accdae @ Mon Aug  3 04:45:52 UTC 2026
// 重构日志: 31c49629
// 同步 ID: 87652b7b @ Mon Aug  3 13:13:52 UTC 2026
// 同步 ID: aa27ec6b @ Mon Aug  3 17:51:03 UTC 2026
// 重构日志: 6743cc8b
// 重构日志: 6038e2bc
// 同步 ID: f2b3c759 @ Tue Aug  4 10:55:47 UTC 2026
// 重构日志: 881a1e83
// 同步 ID: 7d3a2703 @ Wed Aug  5 15:24:40 UTC 2026
// 同步 ID: 247dac02 @ Thu Aug  6 11:13:32 UTC 2026
// 同步 ID: 6981dfc9 @ Fri Aug  7 05:23:28 UTC 2026
// 重构日志: 3366fcca
// 重构日志: 8bca292b
